e:\aaaaaa\comp_grafic\lab_1\lab_1\x64\debug\vc143.pdb
e:\aaaaaa\comp_grafic\lab_1\lab_1\x64\debug\vc143.idb
e:\aaaaaa\comp_grafic\lab_1\lab_1\x64\debug\glew.obj
e:\aaaaaa\comp_grafic\lab_1\lab_1\x64\debug\glad.obj
e:\aaaaaa\comp_grafic\lab_1\lab_1\x64\debug\source.obj
e:\aaaaaa\comp_grafic\lab_1\lab_1\x64\debug\shader.obj
e:\aaaaaa\comp_grafic\lab_1\lab_1\x64\debug\model.obj
e:\aaaaaa\comp_grafic\lab_1\lab_1\x64\debug\mesh.obj
e:\aaaaaa\comp_grafic\lab_1\x64\debug\lab_1.lib
e:\aaaaaa\comp_grafic\lab_1\x64\debug\lab_1.exp
e:\aaaaaa\comp_grafic\lab_1\lab_1\x64\debug\lab_1.ilk
e:\aaaaaa\comp_grafic\lab_1\x64\debug\lab_1.exe
e:\aaaaaa\comp_grafic\lab_1\x64\debug\lab_1.pdb
e:\aaaaaa\comp_grafic\lab_1\lab_1\x64\debug\lab_1.tlog\cl.command.1.tlog
e:\aaaaaa\comp_grafic\lab_1\lab_1\x64\debug\lab_1.tlog\cl.read.1.tlog
e:\aaaaaa\comp_grafic\lab_1\lab_1\x64\debug\lab_1.tlog\cl.write.1.tlog
e:\aaaaaa\comp_grafic\lab_1\lab_1\x64\debug\lab_1.tlog\lab_1.write.1u.tlog
e:\aaaaaa\comp_grafic\lab_1\lab_1\x64\debug\lab_1.tlog\link.command.1.tlog
e:\aaaaaa\comp_grafic\lab_1\lab_1\x64\debug\lab_1.tlog\link.read.1.tlog
e:\aaaaaa\comp_grafic\lab_1\lab_1\x64\debug\lab_1.tlog\link.write.1.tlog
